- Generating browser application bundles (phase: setup)...
ÔłÜ Browser application bundle generation complete.
[32m07 06 2026 19:44:11.647:INFO [karma-server]: [39mKarma v6.4.4 server started at http://localhost:9877/
[32m07 06 2026 19:44:11.649:INFO [launcher]: [39mLaunching browsers ChromeHeadless with concurrency unlimited
[32m07 06 2026 19:44:11.655:INFO [launcher]: [39mStarting browser ChromeHeadless
[32m07 06 2026 19:44:12.771:INFO [Chrome Headless 149.0.0.0 (Windows 10)]: [39mConnected on socket b6bLGFKEGPidJp8fAAAB with id 22373433
Chrome Headless 149.0.0.0 (Windows 10): Executed 0 of 432[32m SUCCESS[39m (0 secs / 0 secs)
[1A[2KChrome Headless 149.0.0.0 (Windows 10): Executed 1 of 432[32m SUCCESS[39m (0 secs / 0.229 secs)
[1A[2KChrome Headless 149.0.0.0 (Windows 10): Executed 2 of 432[32m SUCCESS[39m (0 secs / 0.243 secs)
[1A[2KChrome Headless 149.0.0.0 (Windows 10): Executed 3 of 432[32m SUCCESS[39m (0 secs / 0.255 secs)
[1A[2KChrome Headless 149.0.0.0 (Windows 10): Executed 4 of 432[32m SUCCESS[39m (0 secs / 0.266 secs)
[1A[2KChrome Headless 149.0.0.0 (Windows 10): Executed 5 of 432[32m SUCCESS[39m (0 secs / 0.275 secs)
[1A[2KChrome Headless 149.0.0.0 (Windows 10): Executed 6 of 432[32m SUCCESS[39m (0 secs / 0.284 secs)
[1A[2KChrome Headless 149.0.0.0 (Windows 10): Executed 7 of 432[32m SUCCESS[39m (0 secs / 0.295 secs)
[1A[2KChrome Headless 149.0.0.0 (Windows 10): Executed 8 of 432[32m SUCCESS[39m (0 secs / 0.302 secs)
[1A[2KChrome Headless 149.0.0.0 (Windows 10): Executed 9 of 432[32m SUCCESS[39m (0 secs / 0.311 secs)
[1A[2KChrome Headless 149.0.0.0 (Windows 10): Executed 10 of 432[32m SUCCESS[39m (0 secs / 0.319 secs)
[1A[2KChrome Headless 149.0.0.0 (Windows 10): Executed 11 of 432[32m SUCCESS[39m (0 secs / 0.326 secs)
[1A[2KChrome Headless 149.0.0.0 (Windows 10): Executed 12 of 432[32m SUCCESS[39m (0 secs / 0.333 secs)
[1A[2KChrome Headless 149.0.0.0 (Windows 10): Executed 13 of 432[32m SUCCESS[39m (0 secs / 0.34 secs)
[1A[2KChrome Headless 149.0.0.0 (Windows 10): Executed 14 of 432[32m SUCCESS[39m (0 secs / 0.346 secs)
[1A[2KChrome Headless 149.0.0.0 (Windows 10): Executed 15 of 432[32m SUCCESS[39m (0 secs / 0.353 secs)
[1A[2KChrome Headless 149.0.0.0 (Windows 10): Executed 16 of 432[32m SUCCESS[39m (0 secs / 0.36 secs)
[1A[2KChrome Headless 149.0.0.0 (Windows 10): Executed 17 of 432[32m SUCCESS[39m (0 secs / 0.368 secs)
[1A[2KChrome Headless 149.0.0.0 (Windows 10): Executed 18 of 432[32m SUCCESS[39m (0 secs / 0.374 secs)
[1A[2KChrome Headless 149.0.0.0 (Windows 10): Executed 19 of 432[32m SUCCESS[39m (0 secs / 0.379 secs)
[1A[2KChrome Headless 149.0.0.0 (Windows 10): Executed 20 of 432[32m SUCCESS[39m (0 secs / 0.38 secs)
[1A[2KChrome Headless 149.0.0.0 (Windows 10): Executed 21 of 432[32m SUCCESS[39m (0 secs / 0.381 secs)
[1A[2KChrome Headless 149.0.0.0 (Windows 10): Executed 22 of 432[32m SUCCESS[39m (0 secs / 0.382 secs)
[1A[2KChrome Headless 149.0.0.0 (Windows 10): Executed 23 of 432[32m SUCCESS[39m (0 secs / 0.383 secs)
[1A[2KChrome Headless 149.0.0.0 (Windows 10): Executed 24 of 432[32m SUCCESS[39m (0 secs / 0.384 secs)
[1A[2KChrome Headless 149.0.0.0 (Windows 10): Executed 25 of 432[32m SUCCESS[39m (0 secs / 0.385 secs)
[1A[2KChrome Headless 149.0.0.0 (Windows 10): Executed 26 of 432[32m SUCCESS[39m (0 secs / 0.389 secs)
[1A[2KChrome Headless 149.0.0.0 (Windows 10): Executed 27 of 432[32m SUCCESS[39m (0 secs / 0.39 secs)
[1A[2KChrome Headless 149.0.0.0 (Windows 10): Executed 28 of 432[32m SUCCESS[39m (0 secs / 0.392 secs)
[1A[2KChrome Headless 149.0.0.0 (Windows 10): Executed 29 of 432[32m SUCCESS[39m (0 secs / 0.395 secs)
[1A[2KChrome Headless 149.0.0.0 (Windows 10): Executed 30 of 432[32m SUCCESS[39m (0 secs / 0.397 secs)
[1A[2KChrome Headless 149.0.0.0 (Windows 10): Executed 31 of 432[32m SUCCESS[39m (0 secs / 0.398 secs)
[1A[2KChrome Headless 149.0.0.0 (Windows 10): Executed 32 of 432[32m SUCCESS[39m (0 secs / 0.4 secs)
[1A[2KChrome Headless 149.0.0.0 (Windows 10): Executed 33 of 432[32m SUCCESS[39m (0 secs / 0.402 secs)
[1A[2KChrome Headless 149.0.0.0 (Windows 10): Executed 34 of 432[32m SUCCESS[39m (0 secs / 0.411 secs)
[1A[2KChrome Headless 149.0.0.0 (Windows 10): Executed 35 of 432[32m SUCCESS[39m (0 secs / 0.427 secs)
[1A[2KChrome Headless 149.0.0.0 (Windows 10): Executed 36 of 432[32m SUCCESS[39m (0 secs / 0.431 secs)
[1A[2KChrome Headless 149.0.0.0 (Windows 10): Executed 37 of 432[32m SUCCESS[39m (0 secs / 0.433 secs)
[1A[2KChrome Headless 149.0.0.0 (Windows 10): Executed 38 of 432[32m SUCCESS[39m (0 secs / 0.435 secs)
[1A[2KChrome Headless 149.0.0.0 (Windows 10): Executed 39 of 432[32m SUCCESS[39m (0 secs / 0.436 secs)
[1A[2KChrome Headless 149.0.0.0 (Windows 10): Executed 40 of 432[32m SUCCESS[39m (0 secs / 0.439 secs)
[1A[2KChrome Headless 149.0.0.0 (Windows 10): Executed 41 of 432[32m SUCCESS[39m (0 secs / 0.442 secs)
[1A[2KChrome Headless 149.0.0.0 (Windows 10): Executed 42 of 432[32m SUCCESS[39m (0 secs / 0.444 secs)
[1A[2KChrome Headless 149.0.0.0 (Windows 10): Executed 43 of 432[32m SUCCESS[39m (0 secs / 0.447 secs)
[1A[2KChrome Headless 149.0.0.0 (Windows 10): Executed 44 of 432[32m SUCCESS[39m (0 secs / 0.449 secs)
[1A[2KChrome Headless 149.0.0.0 (Windows 10): Executed 45 of 432[32m SUCCESS[39m (0 secs / 0.451 secs)
[1A[2KChrome Headless 149.0.0.0 (Windows 10): Executed 46 of 432[32m SUCCESS[39m (0 secs / 0.452 secs)
[1A[2KChrome Headless 149.0.0.0 (Windows 10): Executed 47 of 432[32m SUCCESS[39m (0 secs / 0.454 secs)
[1A[2KChrome Headless 149.0.0.0 (Windows 10): Executed 48 of 432[32m SUCCESS[39m (0 secs / 0.456 secs)
[1A[2KChrome Headless 149.0.0.0 (Windows 10): Executed 49 of 432[32m SUCCESS[39m (0 secs / 0.458 secs)
[1A[2KChrome Headless 149.0.0.0 (Windows 10): Executed 50 of 432[32m SUCCESS[39m (0 secs / 0.46 secs)
[1A[2KChrome Headless 149.0.0.0 (Windows 10): Executed 51 of 432[32m SUCCESS[39m (0 secs / 0.462 secs)
[1A[2KChrome Headless 149.0.0.0 (Windows 10): Executed 52 of 432[32m SUCCESS[39m (0 secs / 0.484 secs)
[1A[2KChrome Headless 149.0.0.0 (Windows 10): Executed 53 of 432[32m SUCCESS[39m (0 secs / 0.496 secs)
[1A[2KChrome Headless 149.0.0.0 (Windows 10): Executed 54 of 432[32m SUCCESS[39m (0 secs / 0.502 secs)
[1A[2KChrome Headless 149.0.0.0 (Windows 10): Executed 55 of 432[32m SUCCESS[39m (0 secs / 0.506 secs)
[1A[2KChrome Headless 149.0.0.0 (Windows 10): Executed 56 of 432[32m SUCCESS[39m (0 secs / 0.51 secs)
[1A[2KChrome Headless 149.0.0.0 (Windows 10): Executed 57 of 432[32m SUCCESS[39m (0 secs / 0.515 secs)
[1A[2KChrome Headless 149.0.0.0 (Windows 10): Executed 58 of 432[32m SUCCESS[39m (0 secs / 0.517 secs)
[1A[2KChrome Headless 149.0.0.0 (Windows 10): Executed 59 of 432[32m SUCCESS[39m (0 secs / 0.521 secs)
[1A[2KChrome Headless 149.0.0.0 (Windows 10): Executed 60 of 432[32m SUCCESS[39m (0 secs / 0.525 secs)
[1A[2KChrome Headless 149.0.0.0 (Windows 10): Executed 61 of 432[32m SUCCESS[39m (0 secs / 0.53 secs)
[1A[2KChrome Headless 149.0.0.0 (Windows 10): Executed 62 of 432[32m SUCCESS[39m (0 secs / 0.533 secs)
[1A[2KChrome Headless 149.0.0.0 (Windows 10): Executed 63 of 432[32m SUCCESS[39m (0 secs / 0.535 secs)
[1A[2KChrome Headless 149.0.0.0 (Windows 10): Executed 64 of 432[32m SUCCESS[39m (0 secs / 0.537 secs)
[1A[2KChrome Headless 149.0.0.0 (Windows 10): Executed 65 of 432[32m SUCCESS[39m (0 secs / 0.545 secs)
[1A[2KChrome Headless 149.0.0.0 (Windows 10): Executed 66 of 432[32m SUCCESS[39m (0 secs / 0.548 secs)
[1A[2KChrome Headless 149.0.0.0 (Windows 10): Executed 67 of 432[32m SUCCESS[39m (0 secs / 0.55 secs)
[1A[2KChrome Headless 149.0.0.0 (Windows 10): Executed 68 of 432[32m SUCCESS[39m (0 secs / 0.552 secs)
[1A[2KChrome Headless 149.0.0.0 (Windows 10): Executed 69 of 432[32m SUCCESS[39m (0 secs / 0.554 secs)
[1A[2KChrome Headless 149.0.0.0 (Windows 10): Executed 70 of 432[32m SUCCESS[39m (0 secs / 0.556 secs)
[1A[2KChrome Headless 149.0.0.0 (Windows 10): Executed 71 of 432[32m SUCCESS[39m (0 secs / 0.558 secs)
[1A[2KChrome Headless 149.0.0.0 (Windows 10): Executed 72 of 432[32m SUCCESS[39m (0 secs / 0.561 secs)
[1A[2KChrome Headless 149.0.0.0 (Windows 10): Executed 73 of 432[32m SUCCESS[39m (0 secs / 0.562 secs)
[1A[2KChrome Headless 149.0.0.0 (Windows 10): Executed 74 of 432[32m SUCCESS[39m (0 secs / 0.564 secs)
[1A[2KChrome Headless 149.0.0.0 (Windows 10): Executed 75 of 432[32m SUCCESS[39m (0 secs / 0.567 secs)
[1A[2KChrome Headless 149.0.0.0 (Windows 10): Executed 76 of 432[32m SUCCESS[39m (0 secs / 0.569 secs)
[1A[2KChrome Headless 149.0.0.0 (Windows 10): Executed 77 of 432[32m SUCCESS[39m (0 secs / 0.57 secs)
[1A[2KChrome Headless 149.0.0.0 (Windows 10): Executed 78 of 432[32m SUCCESS[39m (0 secs / 0.571 secs)
[1A[2KChrome Headless 149.0.0.0 (Windows 10): Executed 79 of 432[32m SUCCESS[39m (0 secs / 0.573 secs)
[1A[2KChrome Headless 149.0.0.0 (Windows 10): Executed 80 of 432[32m SUCCESS[39m (0 secs / 0.575 secs)
[1A[2KChrome Headless 149.0.0.0 (Windows 10): Executed 81 of 432[32m SUCCESS[39m (0 secs / 0.577 secs)
[1A[2KChrome Headless 149.0.0.0 (Windows 10): Executed 82 of 432[32m SUCCESS[39m (0 secs / 0.579 secs)
[1A[2KChrome Headless 149.0.0.0 (Windows 10): Executed 83 of 432[32m SUCCESS[39m (0 secs / 0.582 secs)
[1A[2KChrome Headless 149.0.0.0 (Windows 10): Executed 84 of 432[32m SUCCESS[39m (0 secs / 0.585 secs)
[1A[2KChrome Headless 149.0.0.0 (Windows 10): Executed 85 of 432[32m SUCCESS[39m (0 secs / 0.588 secs)
[1A[2KChrome Headless 149.0.0.0 (Windows 10): Executed 86 of 432[32m SUCCESS[39m (0 secs / 0.605 secs)
[1A[2KChrome Headless 149.0.0.0 (Windows 10): Executed 87 of 432[32m SUCCESS[39m (0 secs / 0.61 secs)
[1A[2KChrome Headless 149.0.0.0 (Windows 10): Executed 88 of 432[32m SUCCESS[39m (0 secs / 0.616 secs)
[1A[2KChrome Headless 149.0.0.0 (Windows 10): Executed 89 of 432[32m SUCCESS[39m (0 secs / 0.622 secs)
[1A[2KChrome Headless 149.0.0.0 (Windows 10): Executed 90 of 432[32m SUCCESS[39m (0 secs / 0.628 secs)
[1A[2KChrome Headless 149.0.0.0 (Windows 10): Executed 91 of 432[32m SUCCESS[39m (0 secs / 0.636 secs)
[1A[2KChrome Headless 149.0.0.0 (Windows 10): Executed 92 of 432[32m SUCCESS[39m (0 secs / 0.644 secs)
[1A[2KChrome Headless 149.0.0.0 (Windows 10): Executed 93 of 432[32m SUCCESS[39m (0 secs / 0.654 secs)
[1A[2KChrome Headless 149.0.0.0 (Windows 10): Executed 94 of 432[32m SUCCESS[39m (0 secs / 0.662 secs)
[1A[2KChrome Headless 149.0.0.0 (Windows 10): Executed 95 of 432[32m SUCCESS[39m (0 secs / 0.665 secs)
[1A[2KChrome Headless 149.0.0.0 (Windows 10): Executed 96 of 432[32m SUCCESS[39m (0 secs / 0.668 secs)
[1A[2KChrome Headless 149.0.0.0 (Windows 10): Executed 97 of 432[32m SUCCESS[39m (0 secs / 0.672 secs)
[1A[2KChrome Headless 149.0.0.0 (Windows 10): Executed 98 of 432[32m SUCCESS[39m (0 secs / 0.676 secs)
[1A[2KChrome Headless 149.0.0.0 (Windows 10): Executed 99 of 432[32m SUCCESS[39m (0 secs / 0.679 secs)
[1A[2KChrome Headless 149.0.0.0 (Windows 10): Executed 100 of 432[32m SUCCESS[39m (0 secs / 0.682 secs)
[1A[2KChrome Headless 149.0.0.0 (Windows 10): Executed 101 of 432[32m SUCCESS[39m (0 secs / 0.686 secs)
[1A[2KChrome Headless 149.0.0.0 (Windows 10): Executed 102 of 432[32m SUCCESS[39m (0 secs / 0.689 secs)
[1A[2KChrome Headless 149.0.0.0 (Windows 10): Executed 103 of 432[32m SUCCESS[39m (0 secs / 0.692 secs)
[1A[2KChrome Headless 149.0.0.0 (Windows 10): Executed 104 of 432[32m SUCCESS[39m (0 secs / 0.695 secs)
[1A[2KChrome Headless 149.0.0.0 (Windows 10): Executed 105 of 432[32m SUCCESS[39m (0 secs / 0.697 secs)
[1A[2KChrome Headless 149.0.0.0 (Windows 10): Executed 106 of 432[32m SUCCESS[39m (0 secs / 0.698 secs)
[1A[2KChrome Headless 149.0.0.0 (Windows 10): Executed 107 of 432[32m SUCCESS[39m (0 secs / 0.699 secs)
[1A[2KChrome Headless 149.0.0.0 (Windows 10): Executed 108 of 432[32m SUCCESS[39m (0 secs / 0.7 secs)
[1A[2KChrome Headless 149.0.0.0 (Windows 10): Executed 109 of 432[32m SUCCESS[39m (0 secs / 0.701 secs)
[1A[2KChrome Headless 149.0.0.0 (Windows 10): Executed 110 of 432[32m SUCCESS[39m (0 secs / 0.703 secs)
[1A[2KChrome Headless 149.0.0.0 (Windows 10): Executed 111 of 432[32m SUCCESS[39m (0 secs / 0.703 secs)
[1A[2KChrome Headless 149.0.0.0 (Windows 10): Executed 112 of 432[32m SUCCESS[39m (0 secs / 0.709 secs)
[1A[2KChrome Headless 149.0.0.0 (Windows 10): Executed 113 of 432[32m SUCCESS[39m (0 secs / 0.713 secs)
[1A[2KChrome Headless 149.0.0.0 (Windows 10): Executed 114 of 432[32m SUCCESS[39m (0 secs / 0.717 secs)
[1A[2KChrome Headless 149.0.0.0 (Windows 10): Executed 115 of 432[32m SUCCESS[39m (0 secs / 0.722 secs)
[1A[2KChrome Headless 149.0.0.0 (Windows 10): Executed 116 of 432[32m SUCCESS[39m (0 secs / 0.759 secs)
[1A[2KChrome Headless 149.0.0.0 (Windows 10): Executed 117 of 432[32m SUCCESS[39m (0 secs / 0.766 secs)
[1A[2KChrome Headless 149.0.0.0 (Windows 10): Executed 118 of 432[32m SUCCESS[39m (0 secs / 0.776 secs)
[1A[2KChrome Headless 149.0.0.0 (Windows 10): Executed 119 of 432[32m SUCCESS[39m (0 secs / 0.784 secs)
[1A[2KChrome Headless 149.0.0.0 (Windows 10): Executed 120 of 432[32m SUCCESS[39m (0 secs / 0.791 secs)
[1A[2KChrome Headless 149.0.0.0 (Windows 10): Executed 121 of 432[32m SUCCESS[39m (0 secs / 0.797 secs)
[1A[2KChrome Headless 149.0.0.0 (Windows 10): Executed 122 of 432[32m SUCCESS[39m (0 secs / 0.802 secs)
[1A[2KChrome Headless 149.0.0.0 (Windows 10): Executed 123 of 432[32m SUCCESS[39m (0 secs / 0.808 secs)
[1A[2KChrome Headless 149.0.0.0 (Windows 10): Executed 124 of 432[32m SUCCESS[39m (0 secs / 0.817 secs)
[1A[2KChrome Headless 149.0.0.0 (Windows 10): Executed 125 of 432[32m SUCCESS[39m (0 secs / 0.824 secs)
[1A[2KChrome Headless 149.0.0.0 (Windows 10): Executed 126 of 432[32m SUCCESS[39m (0 secs / 0.829 secs)
[1A[2KChrome Headless 149.0.0.0 (Windows 10): Executed 127 of 432[32m SUCCESS[39m (0 secs / 0.832 secs)
[1A[2KChrome Headless 149.0.0.0 (Windows 10): Executed 128 of 432[32m SUCCESS[39m (0 secs / 0.839 secs)
[1A[2KChrome Headless 149.0.0.0 (Windows 10): Executed 129 of 432[32m SUCCESS[39m (0 secs / 0.844 secs)
[1A[2KChrome Headless 149.0.0.0 (Windows 10): Executed 130 of 432[32m SUCCESS[39m (0 secs / 0.851 secs)
[1A[2KChrome Headless 149.0.0.0 (Windows 10): Executed 131 of 432[32m SUCCESS[39m (0 secs / 0.857 secs)
[1A[2KChrome Headless 149.0.0.0 (Windows 10): Executed 132 of 432[32m SUCCESS[39m (0 secs / 0.861 secs)
[1A[2KChrome Headless 149.0.0.0 (Windows 10): Executed 133 of 432[32m SUCCESS[39m (0 secs / 0.864 secs)
[1A[2KChrome Headless 149.0.0.0 (Windows 10): Executed 134 of 432[32m SUCCESS[39m (0 secs / 0.874 secs)
[1A[2KChrome Headless 149.0.0.0 (Windows 10): Executed 135 of 432[32m SUCCESS[39m (0 secs / 0.877 secs)
[1A[2KChrome Headless 149.0.0.0 (Windows 10): Executed 136 of 432[32m SUCCESS[39m (0 secs / 0.879 secs)
[1A[2KChrome Headless 149.0.0.0 (Windows 10): Executed 137 of 432[32m SUCCESS[39m (0 secs / 0.881 secs)
[1A[2KChrome Headless 149.0.0.0 (Windows 10): Executed 138 of 432[32m SUCCESS[39m (0 secs / 0.883 secs)
[1A[2KChrome Headless 149.0.0.0 (Windows 10): Executed 139 of 432[32m SUCCESS[39m (0 secs / 0.885 secs)
[1A[2KChrome Headless 149.0.0.0 (Windows 10): Executed 140 of 432[32m SUCCESS[39m (0 secs / 0.887 secs)
[1A[2KChrome Headless 149.0.0.0 (Windows 10): Executed 141 of 432[32m SUCCESS[39m (0 secs / 0.889 secs)
[1A[2KChrome Headless 149.0.0.0 (Windows 10): Executed 142 of 432[32m SUCCESS[39m (0 secs / 0.892 secs)
[1A[2KChrome Headless 149.0.0.0 (Windows 10): Executed 143 of 432[32m SUCCESS[39m (0 secs / 0.894 secs)
[1A[2KChrome Headless 149.0.0.0 (Windows 10): Executed 144 of 432[32m SUCCESS[39m (0 secs / 0.896 secs)
[1A[2KChrome Headless 149.0.0.0 (Windows 10): Executed 145 of 432[32m SUCCESS[39m (0 secs / 0.897 secs)
[1A[2KChrome Headless 149.0.0.0 (Windows 10): Executed 146 of 432[32m SUCCESS[39m (0 secs / 0.908 secs)
[1A[2KChrome Headless 149.0.0.0 (Windows 10): Executed 147 of 432[32m SUCCESS[39m (0 secs / 0.91 secs)
[1A[2KChrome Headless 149.0.0.0 (Windows 10): Executed 148 of 432[32m SUCCESS[39m (0 secs / 0.911 secs)
[1A[2KChrome Headless 149.0.0.0 (Windows 10): Executed 149 of 432[32m SUCCESS[39m (0 secs / 0.913 secs)
[1A[2KChrome Headless 149.0.0.0 (Windows 10): Executed 150 of 432[32m SUCCESS[39m (0 secs / 0.915 secs)
[1A[2KChrome Headless 149.0.0.0 (Windows 10): Executed 151 of 432[32m SUCCESS[39m (0 secs / 0.917 secs)
[1A[2KChrome Headless 149.0.0.0 (Windows 10): Executed 152 of 432[32m SUCCESS[39m (0 secs / 0.919 secs)
[1A[2KChrome Headless 149.0.0.0 (Windows 10): Executed 153 of 432[32m SUCCESS[39m (0 secs / 0.921 secs)
[1A[2KChrome Headless 149.0.0.0 (Windows 10): Executed 154 of 432[32m SUCCESS[39m (0 secs / 0.922 secs)
[1A[2KChrome Headless 149.0.0.0 (Windows 10): Executed 155 of 432[32m SUCCESS[39m (0 secs / 0.924 secs)
[1A[2KChrome Headless 149.0.0.0 (Windows 10): Executed 156 of 432[32m SUCCESS[39m (0 secs / 0.925 secs)
[1A[2KChrome Headless 149.0.0.0 (Windows 10): Executed 157 of 432[32m SUCCESS[39m (0 secs / 0.928 secs)
[1A[2KChrome Headless 149.0.0.0 (Windows 10): Executed 158 of 432[32m SUCCESS[39m (0 secs / 0.931 secs)
[1A[2KChrome Headless 149.0.0.0 (Windows 10): Executed 159 of 432[32m SUCCESS[39m (0 secs / 0.935 secs)
[1A[2KChrome Headless 149.0.0.0 (Windows 10): Executed 160 of 432[32m SUCCESS[39m (0 secs / 0.937 secs)
[1A[2KChrome Headless 149.0.0.0 (Windows 10): Executed 161 of 432[32m SUCCESS[39m (0 secs / 0.938 secs)
[1A[2KChrome Headless 149.0.0.0 (Windows 10): Executed 162 of 432[32m SUCCESS[39m (0 secs / 0.939 secs)
[1A[2KChrome Headless 149.0.0.0 (Windows 10): Executed 163 of 432[32m SUCCESS[39m (0 secs / 0.941 secs)
[1A[2KChrome Headless 149.0.0.0 (Windows 10): Executed 164 of 432[32m SUCCESS[39m (0 secs / 0.942 secs)
[1A[2KChrome Headless 149.0.0.0 (Windows 10): Executed 165 of 432[32m SUCCESS[39m (0 secs / 0.943 secs)
[1A[2KChrome Headless 149.0.0.0 (Windows 10): Executed 166 of 432[32m SUCCESS[39m (0 secs / 0.944 secs)
[1A[2KChrome Headless 149.0.0.0 (Windows 10): Executed 167 of 432[32m SUCCESS[39m (0 secs / 0.945 secs)
[1A[2KChrome Headless 149.0.0.0 (Windows 10): Executed 168 of 432[32m SUCCESS[39m (0 secs / 0.946 secs)
[1A[2KChrome Headless 149.0.0.0 (Windows 10): Executed 169 of 432[32m SUCCESS[39m (0 secs / 0.947 secs)
[1A[2KChrome Headless 149.0.0.0 (Windows 10): Executed 170 of 432[32m SUCCESS[39m (0 secs / 0.948 secs)
[1A[2KChrome Headless 149.0.0.0 (Windows 10): Executed 171 of 432[32m SUCCESS[39m (0 secs / 0.949 secs)
[1A[2KChrome Headless 149.0.0.0 (Windows 10): Executed 172 of 432[32m SUCCESS[39m (0 secs / 0.95 secs)
[1A[2KChrome Headless 149.0.0.0 (Windows 10): Executed 173 of 432[32m SUCCESS[39m (0 secs / 0.951 secs)
[1A[2KChrome Headless 149.0.0.0 (Windows 10): Executed 174 of 432[32m SUCCESS[39m (0 secs / 0.952 secs)
[1A[2KChrome Headless 149.0.0.0 (Windows 10): Executed 175 of 432[32m SUCCESS[39m (0 secs / 0.954 secs)
[1A[2KChrome Headless 149.0.0.0 (Windows 10): Executed 176 of 432[32m SUCCESS[39m (0 secs / 0.955 secs)
[1A[2KChrome Headless 149.0.0.0 (Windows 10): Executed 177 of 432[32m SUCCESS[39m (0 secs / 0.956 secs)
[1A[2KChrome Headless 149.0.0.0 (Windows 10): Executed 178 of 432[32m SUCCESS[39m (0 secs / 0.958 secs)
[1A[2KChrome Headless 149.0.0.0 (Windows 10): Executed 179 of 432[32m SUCCESS[39m (0 secs / 0.96 secs)
[1A[2KChrome Headless 149.0.0.0 (Windows 10): Executed 180 of 432[32m SUCCESS[39m (0 secs / 0.964 secs)
[1A[2KChrome Headless 149.0.0.0 (Windows 10): Executed 181 of 432[32m SUCCESS[39m (0 secs / 0.969 secs)
[1A[2KChrome Headless 149.0.0.0 (Windows 10): Executed 182 of 432[32m SUCCESS[39m (0 secs / 0.973 secs)
[1A[2KChrome Headless 149.0.0.0 (Windows 10): Executed 183 of 432[32m SUCCESS[39m (0 secs / 0.976 secs)
[1A[2KChrome Headless 149.0.0.0 (Windows 10): Executed 184 of 432[32m SUCCESS[39m (0 secs / 0.979 secs)
[1A[2KChrome Headless 149.0.0.0 (Windows 10): Executed 185 of 432[32m SUCCESS[39m (0 secs / 0.984 secs)
[1A[2KChrome Headless 149.0.0.0 (Windows 10): Executed 186 of 432[32m SUCCESS[39m (0 secs / 0.987 secs)
[1A[2KChrome Headless 149.0.0.0 (Windows 10): Executed 187 of 432[32m SUCCESS[39m (0 secs / 0.99 secs)
[1A[2KChrome Headless 149.0.0.0 (Windows 10): Executed 188 of 432[32m SUCCESS[39m (0 secs / 0.994 secs)
[1A[2KChrome Headless 149.0.0.0 (Windows 10): Executed 189 of 432[32m SUCCESS[39m (0 secs / 0.997 secs)
[1A[2KChrome Headless 149.0.0.0 (Windows 10): Executed 190 of 432[32m SUCCESS[39m (0 secs / 0.999 secs)
[1A[2KChrome Headless 149.0.0.0 (Windows 10): Executed 191 of 432[32m SUCCESS[39m (0 secs / 1.002 secs)
[1A[2KChrome Headless 149.0.0.0 (Windows 10): Executed 192 of 432[32m SUCCESS[39m (0 secs / 1.028 secs)
[1A[2KChrome Headless 149.0.0.0 (Windows 10): Executed 193 of 432[32m SUCCESS[39m (0 secs / 1.032 secs)
[1A[2KChrome Headless 149.0.0.0 (Windows 10): Executed 194 of 432[32m SUCCESS[39m (0 secs / 1.036 secs)
[1A[2KChrome Headless 149.0.0.0 (Windows 10): Executed 195 of 432[32m SUCCESS[39m (0 secs / 1.043 secs)
[1A[2KChrome Headless 149.0.0.0 (Windows 10): Executed 196 of 432[32m SUCCESS[39m (0 secs / 1.044 secs)
[1A[2KChrome Headless 149.0.0.0 (Windows 10): Executed 197 of 432[32m SUCCESS[39m (0 secs / 1.045 secs)
[1A[2KChrome Headless 149.0.0.0 (Windows 10): Executed 198 of 432[32m SUCCESS[39m (0 secs / 1.046 secs)
[1A[2KChrome Headless 149.0.0.0 (Windows 10): Executed 199 of 432[32m SUCCESS[39m (0 secs / 1.051 secs)
[1A[2KChrome Headless 149.0.0.0 (Windows 10): Executed 200 of 432[32m SUCCESS[39m (0 secs / 1.06 secs)
[1A[2KChrome Headless 149.0.0.0 (Windows 10): Executed 201 of 432[32m SUCCESS[39m (0 secs / 1.065 secs)
[1A[2KChrome Headless 149.0.0.0 (Windows 10): Executed 202 of 432[32m SUCCESS[39m (0 secs / 1.07 secs)
[1A[2KChrome Headless 149.0.0.0 (Windows 10): Executed 203 of 432[32m SUCCESS[39m (0 secs / 1.07 secs)
[1A[2KChrome Headless 149.0.0.0 (Windows 10): Executed 204 of 432[32m SUCCESS[39m (0 secs / 1.071 secs)
[1A[2KChrome Headless 149.0.0.0 (Windows 10): Executed 205 of 432[32m SUCCESS[39m (0 secs / 1.071 secs)
[1A[2KChrome Headless 149.0.0.0 (Windows 10): Executed 206 of 432[32m SUCCESS[39m (0 secs / 1.071 secs)
[1A[2KChrome Headless 149.0.0.0 (Windows 10): Executed 207 of 432[32m SUCCESS[39m (0 secs / 1.075 secs)
[1A[2KChrome Headless 149.0.0.0 (Windows 10): Executed 208 of 432[32m SUCCESS[39m (0 secs / 1.076 secs)
[1A[2KChrome Headless 149.0.0.0 (Windows 10): Executed 209 of 432[32m SUCCESS[39m (0 secs / 1.077 secs)
[1A[2KChrome Headless 149.0.0.0 (Windows 10): Executed 210 of 432[32m SUCCESS[39m (0 secs / 1.078 secs)
[1A[2KChrome Headless 149.0.0.0 (Windows 10): Executed 211 of 432[32m SUCCESS[39m (0 secs / 1.08 secs)
[1A[2KChrome Headless 149.0.0.0 (Windows 10): Executed 212 of 432[32m SUCCESS[39m (0 secs / 1.082 secs)
[1A[2KChrome Headless 149.0.0.0 (Windows 10): Executed 213 of 432[32m SUCCESS[39m (0 secs / 1.083 secs)
[1A[2KChrome Headless 149.0.0.0 (Windows 10): Executed 214 of 432[32m SUCCESS[39m (0 secs / 1.084 secs)
[1A[2KChrome Headless 149.0.0.0 (Windows 10): Executed 215 of 432[32m SUCCESS[39m (0 secs / 1.086 secs)
[1A[2KChrome Headless 149.0.0.0 (Windows 10): Executed 216 of 432[32m SUCCESS[39m (0 secs / 1.086 secs)
[1A[2KChrome Headless 149.0.0.0 (Windows 10): Executed 217 of 432[32m SUCCESS[39m (0 secs / 1.086 secs)
[1A[2KChrome Headless 149.0.0.0 (Windows 10): Executed 218 of 432[32m SUCCESS[39m (0 secs / 1.086 secs)
[1A[2KChrome Headless 149.0.0.0 (Windows 10): Executed 219 of 432[32m SUCCESS[39m (0 secs / 1.086 secs)
[1A[2KChrome Headless 149.0.0.0 (Windows 10): Executed 220 of 432[32m SUCCESS[39m (0 secs / 1.086 secs)
[1A[2KChrome Headless 149.0.0.0 (Windows 10): Executed 221 of 432[32m SUCCESS[39m (0 secs / 1.086 secs)
[1A[2KChrome Headless 149.0.0.0 (Windows 10): Executed 222 of 432[32m SUCCESS[39m (0 secs / 1.086 secs)
[1A[2KChrome Headless 149.0.0.0 (Windows 10): Executed 223 of 432[32m SUCCESS[39m (0 secs / 1.086 secs)
[1A[2KChrome Headless 149.0.0.0 (Windows 10): Executed 224 of 432[32m SUCCESS[39m (0 secs / 1.086 secs)
[1A[2KChrome Headless 149.0.0.0 (Windows 10): Executed 225 of 432[32m SUCCESS[39m (0 secs / 1.087 secs)
[1A[2KChrome Headless 149.0.0.0 (Windows 10): Executed 226 of 432[32m SUCCESS[39m (0 secs / 1.088 secs)
[1A[2KChrome Headless 149.0.0.0 (Windows 10): Executed 227 of 432[32m SUCCESS[39m (0 secs / 1.088 secs)
[1A[2KChrome Headless 149.0.0.0 (Windows 10): Executed 228 of 432[32m SUCCESS[39m (0 secs / 1.088 secs)
[1A[2KChrome Headless 149.0.0.0 (Windows 10): Executed 229 of 432[32m SUCCESS[39m (0 secs / 1.097 secs)
[1A[2KChrome Headless 149.0.0.0 (Windows 10): Executed 230 of 432[32m SUCCESS[39m (0 secs / 1.1 secs)
[1A[2KChrome Headless 149.0.0.0 (Windows 10): Executed 231 of 432[32m SUCCESS[39m (0 secs / 1.103 secs)
[1A[2KChrome Headless 149.0.0.0 (Windows 10): Executed 232 of 432[32m SUCCESS[39m (0 secs / 1.106 secs)
[1A[2KChrome Headless 149.0.0.0 (Windows 10): Executed 233 of 432[32m SUCCESS[39m (0 secs / 1.109 secs)
[1A[2KChrome Headless 149.0.0.0 (Windows 10): Executed 234 of 432[32m SUCCESS[39m (0 secs / 1.112 secs)
[1A[2KChrome Headless 149.0.0.0 (Windows 10): Executed 235 of 432[32m SUCCESS[39m (0 secs / 1.116 secs)
[1A[2KChrome Headless 149.0.0.0 (Windows 10): Executed 236 of 432[32m SUCCESS[39m (0 secs / 1.119 secs)
[1A[2KChrome Headless 149.0.0.0 (Windows 10): Executed 237 of 432[32m SUCCESS[39m (0 secs / 1.122 secs)
[1A[2KChrome Headless 149.0.0.0 (Windows 10): Executed 238 of 432[32m SUCCESS[39m (0 secs / 1.125 secs)
[1A[2KChrome Headless 149.0.0.0 (Windows 10): Executed 239 of 432[32m SUCCESS[39m (0 secs / 1.128 secs)
[1A[2KChrome Headless 149.0.0.0 (Windows 10): Executed 240 of 432[32m SUCCESS[39m (0 secs / 1.131 secs)
[1A[2KChrome Headless 149.0.0.0 (Windows 10): Executed 241 of 432[32m SUCCESS[39m (0 secs / 1.135 secs)
[1A[2KChrome Headless 149.0.0.0 (Windows 10): Executed 242 of 432[32m SUCCESS[39m (0 secs / 1.139 secs)
[1A[2KChrome Headless 149.0.0.0 (Windows 10): Executed 243 of 432[32m SUCCESS[39m (0 secs / 1.143 secs)
[1A[2KChrome Headless 149.0.0.0 (Windows 10): Executed 244 of 432[32m SUCCESS[39m (0 secs / 1.147 secs)
[1A[2KChrome Headless 149.0.0.0 (Windows 10): Executed 245 of 432[32m SUCCESS[39m (0 secs / 1.152 secs)
[1A[2KChrome Headless 149.0.0.0 (Windows 10): Executed 246 of 432[32m SUCCESS[39m (0 secs / 1.157 secs)
[1A[2KChrome Headless 149.0.0.0 (Windows 10): Executed 247 of 432[32m SUCCESS[39m (0 secs / 1.162 secs)
[1A[2KChrome Headless 149.0.0.0 (Windows 10): Executed 248 of 432[32m SUCCESS[39m (0 secs / 1.167 secs)
[1A[2KChrome Headless 149.0.0.0 (Windows 10): Executed 249 of 432[32m SUCCESS[39m (0 secs / 1.171 secs)
[1A[2KChrome Headless 149.0.0.0 (Windows 10): Executed 250 of 432[32m SUCCESS[39m (0 secs / 1.172 secs)
[1A[2KChrome Headless 149.0.0.0 (Windows 10): Executed 251 of 432[32m SUCCESS[39m (0 secs / 1.173 secs)
[1A[2KChrome Headless 149.0.0.0 (Windows 10): Executed 252 of 432[32m SUCCESS[39m (0 secs / 1.173 secs)
[1A[2KChrome Headless 149.0.0.0 (Windows 10): Executed 253 of 432[32m SUCCESS[39m (0 secs / 1.174 secs)
[1A[2KChrome Headless 149.0.0.0 (Windows 10): Executed 254 of 432[32m SUCCESS[39m (0 secs / 1.175 secs)
[1A[2KChrome Headless 149.0.0.0 (Windows 10): Executed 255 of 432[32m SUCCESS[39m (0 secs / 1.175 secs)
[1A[2KChrome Headless 149.0.0.0 (Windows 10): Executed 256 of 432[32m SUCCESS[39m (0 secs / 1.176 secs)
[1A[2KChrome Headless 149.0.0.0 (Windows 10): Executed 257 of 432[32m SUCCESS[39m (0 secs / 1.18 secs)
[1A[2KChrome Headless 149.0.0.0 (Windows 10): Executed 258 of 432[32m SUCCESS[39m (0 secs / 1.188 secs)
[1A[2KChrome Headless 149.0.0.0 (Windows 10): Executed 259 of 432[32m SUCCESS[39m (0 secs / 1.195 secs)
[1A[2KChrome Headless 149.0.0.0 (Windows 10): Executed 260 of 432[32m SUCCESS[39m (0 secs / 1.197 secs)
[1A[2KChrome Headless 149.0.0.0 (Windows 10): Executed 261 of 432[32m SUCCESS[39m (0 secs / 1.203 secs)
[1A[2KChrome Headless 149.0.0.0 (Windows 10): Executed 262 of 432[32m SUCCESS[39m (0 secs / 1.206 secs)
[1A[2KChrome Headless 149.0.0.0 (Windows 10): Executed 263 of 432[32m SUCCESS[39m (0 secs / 1.209 secs)
[1A[2KChrome Headless 149.0.0.0 (Windows 10): Executed 264 of 432[32m SUCCESS[39m (0 secs / 1.213 secs)
[1A[2KChrome Headless 149.0.0.0 (Windows 10): Executed 265 of 432[32m SUCCESS[39m (0 secs / 1.238 secs)
[1A[2KChrome Headless 149.0.0.0 (Windows 10): Executed 266 of 432[32m SUCCESS[39m (0 secs / 1.248 secs)
[1A[2KChrome Headless 149.0.0.0 (Windows 10): Executed 267 of 432[32m SUCCESS[39m (0 secs / 1.26 secs)
[1A[2KChrome Headless 149.0.0.0 (Windows 10): Executed 268 of 432[32m SUCCESS[39m (0 secs / 1.272 secs)
[1A[2KChrome Headless 149.0.0.0 (Windows 10): Executed 269 of 432[32m SUCCESS[39m (0 secs / 1.286 secs)
[1A[2KChrome Headless 149.0.0.0 (Windows 10): Executed 270 of 432[32m SUCCESS[39m (0 secs / 1.291 secs)
[1A[2KChrome Headless 149.0.0.0 (Windows 10): Executed 271 of 432[32m SUCCESS[39m (0 secs / 1.297 secs)
[1A[2KChrome Headless 149.0.0.0 (Windows 10): Executed 272 of 432[32m SUCCESS[39m (0 secs / 1.302 secs)
[1A[2KChrome Headless 149.0.0.0 (Windows 10): Executed 273 of 432[32m SUCCESS[39m (0 secs / 1.303 secs)
[1A[2KChrome Headless 149.0.0.0 (Windows 10): Executed 274 of 432[32m SUCCESS[39m (0 secs / 1.303 secs)
[1A[2KChrome Headless 149.0.0.0 (Windows 10): Executed 275 of 432[32m SUCCESS[39m (0 secs / 1.303 secs)
[1A[2KChrome Headless 149.0.0.0 (Windows 10): Executed 276 of 432[32m SUCCESS[39m (0 secs / 1.304 secs)
[1A[2KChrome Headless 149.0.0.0 (Windows 10): Executed 277 of 432[32m SUCCESS[39m (0 secs / 1.309 secs)
[1A[2KChrome Headless 149.0.0.0 (Windows 10): Executed 278 of 432[32m SUCCESS[39m (0 secs / 1.313 secs)
[1A[2KChrome Headless 149.0.0.0 (Windows 10): Executed 279 of 432[32m SUCCESS[39m (0 secs / 1.316 secs)
[1A[2KChrome Headless 149.0.0.0 (Windows 10): Executed 280 of 432[32m SUCCESS[39m (0 secs / 1.317 secs)
[1A[2KChrome Headless 149.0.0.0 (Windows 10): Executed 281 of 432[32m SUCCESS[39m (0 secs / 1.319 secs)
[1A[2KChrome Headless 149.0.0.0 (Windows 10): Executed 282 of 432[32m SUCCESS[39m (0 secs / 1.322 secs)
[1A[2KChrome Headless 149.0.0.0 (Windows 10): Executed 283 of 432[32m SUCCESS[39m (0 secs / 1.324 secs)
[1A[2KChrome Headless 149.0.0.0 (Windows 10): Executed 284 of 432[32m SUCCESS[39m (0 secs / 1.326 secs)
[1A[2KChrome Headless 149.0.0.0 (Windows 10): Executed 285 of 432[32m SUCCESS[39m (0 secs / 1.331 secs)
[1A[2KChrome Headless 149.0.0.0 (Windows 10): Executed 286 of 432[32m SUCCESS[39m (0 secs / 1.332 secs)
[1A[2KChrome Headless 149.0.0.0 (Windows 10): Executed 287 of 432[32m SUCCESS[39m (0 secs / 1.332 secs)
[1A[2KChrome Headless 149.0.0.0 (Windows 10): Executed 288 of 432[32m SUCCESS[39m (0 secs / 1.333 secs)
[1A[2KChrome Headless 149.0.0.0 (Windows 10): Executed 289 of 432[32m SUCCESS[39m (0 secs / 1.334 secs)
[1A[2KChrome Headless 149.0.0.0 (Windows 10): Executed 290 of 432[32m SUCCESS[39m (0 secs / 1.334 secs)
[1A[2KChrome Headless 149.0.0.0 (Windows 10): Executed 291 of 432[32m SUCCESS[39m (0 secs / 1.335 secs)
[1A[2KChrome Headless 149.0.0.0 (Windows 10): Executed 292 of 432[32m SUCCESS[39m (0 secs / 1.336 secs)
[1A[2KChrome Headless 149.0.0.0 (Windows 10): Executed 293 of 432[32m SUCCESS[39m (0 secs / 1.336 secs)
[1A[2KChrome Headless 149.0.0.0 (Windows 10): Executed 294 of 432[32m SUCCESS[39m (0 secs / 1.336 secs)
[1A[2KChrome Headless 149.0.0.0 (Windows 10): Executed 295 of 432[32m SUCCESS[39m (0 secs / 1.337 secs)
[1A[2KChrome Headless 149.0.0.0 (Windows 10): Executed 296 of 432[32m SUCCESS[39m (0 secs / 1.339 secs)
[1A[2KChrome Headless 149.0.0.0 (Windows 10): Executed 297 of 432[32m SUCCESS[39m (0 secs / 1.34 secs)
[1A[2KChrome Headless 149.0.0.0 (Windows 10): Executed 298 of 432[32m SUCCESS[39m (0 secs / 1.341 secs)
[1A[2KChrome Headless 149.0.0.0 (Windows 10): Executed 299 of 432[32m SUCCESS[39m (0 secs / 1.342 secs)
[1A[2KChrome Headless 149.0.0.0 (Windows 10): Executed 300 of 432[32m SUCCESS[39m (0 secs / 1.343 secs)
[1A[2KChrome Headless 149.0.0.0 (Windows 10): Executed 301 of 432[32m SUCCESS[39m (0 secs / 1.343 secs)
[1A[2KChrome Headless 149.0.0.0 (Windows 10): Executed 302 of 432[32m SUCCESS[39m (0 secs / 1.343 secs)
[1A[2KChrome Headless 149.0.0.0 (Windows 10): Executed 303 of 432[32m SUCCESS[39m (0 secs / 1.343 secs)
[1A[2KChrome Headless 149.0.0.0 (Windows 10): Executed 304 of 432[32m SUCCESS[39m (0 secs / 1.344 secs)
[1A[2KChrome Headless 149.0.0.0 (Windows 10): Executed 305 of 432[32m SUCCESS[39m (0 secs / 1.345 secs)
[1A[2KChrome Headless 149.0.0.0 (Windows 10): Executed 306 of 432[32m SUCCESS[39m (0 secs / 1.345 secs)
[1A[2KChrome Headless 149.0.0.0 (Windows 10): Executed 307 of 432[32m SUCCESS[39m (0 secs / 1.345 secs)
[1A[2KChrome Headless 149.0.0.0 (Windows 10): Executed 308 of 432[32m SUCCESS[39m (0 secs / 1.346 secs)
[1A[2KChrome Headless 149.0.0.0 (Windows 10): Executed 309 of 432[32m SUCCESS[39m (0 secs / 1.347 secs)
[1A[2KChrome Headless 149.0.0.0 (Windows 10): Executed 310 of 432[32m SUCCESS[39m (0 secs / 1.348 secs)
[1A[2KChrome Headless 149.0.0.0 (Windows 10): Executed 311 of 432[32m SUCCESS[39m (0 secs / 1.349 secs)
[1A[2KChrome Headless 149.0.0.0 (Windows 10): Executed 312 of 432[32m SUCCESS[39m (0 secs / 1.35 secs)
[1A[2KChrome Headless 149.0.0.0 (Windows 10): Executed 313 of 432[32m SUCCESS[39m (0 secs / 1.351 secs)
[1A[2KChrome Headless 149.0.0.0 (Windows 10): Executed 314 of 432[32m SUCCESS[39m (0 secs / 1.352 secs)
[1A[2KChrome Headless 149.0.0.0 (Windows 10): Executed 315 of 432[32m SUCCESS[39m (0 secs / 1.353 secs)
[1A[2KChrome Headless 149.0.0.0 (Windows 10): Executed 316 of 432[32m SUCCESS[39m (0 secs / 1.353 secs)
[1A[2KChrome Headless 149.0.0.0 (Windows 10): Executed 317 of 432[32m SUCCESS[39m (0 secs / 1.354 secs)
[1A[2KChrome Headless 149.0.0.0 (Windows 10): Executed 318 of 432[32m SUCCESS[39m (0 secs / 1.355 secs)
[1A[2KChrome Headless 149.0.0.0 (Windows 10): Executed 319 of 432[32m SUCCESS[39m (0 secs / 1.356 secs)
[1A[2KChrome Headless 149.0.0.0 (Windows 10): Executed 320 of 432[32m SUCCESS[39m (0 secs / 1.357 secs)
[1A[2KChrome Headless 149.0.0.0 (Windows 10): Executed 321 of 432[32m SUCCESS[39m (0 secs / 1.358 secs)
[1A[2KChrome Headless 149.0.0.0 (Windows 10): Executed 322 of 432[32m SUCCESS[39m (0 secs / 1.359 secs)
[1A[2KChrome Headless 149.0.0.0 (Windows 10): Executed 323 of 432[32m SUCCESS[39m (0 secs / 1.36 secs)
[1A[2KChrome Headless 149.0.0.0 (Windows 10): Executed 324 of 432[32m SUCCESS[39m (0 secs / 1.361 secs)
[1A[2KChrome Headless 149.0.0.0 (Windows 10): Executed 325 of 432[32m SUCCESS[39m (0 secs / 1.362 secs)
[1A[2KChrome Headless 149.0.0.0 (Windows 10): Executed 326 of 432[32m SUCCESS[39m (0 secs / 1.362 secs)
[1A[2KChrome Headless 149.0.0.0 (Windows 10): Executed 327 of 432[32m SUCCESS[39m (0 secs / 1.363 secs)
[1A[2KChrome Headless 149.0.0.0 (Windows 10): Executed 328 of 432[32m SUCCESS[39m (0 secs / 1.363 secs)
[1A[2KChrome Headless 149.0.0.0 (Windows 10): Executed 329 of 432[32m SUCCESS[39m (0 secs / 1.363 secs)
[1A[2KChrome Headless 149.0.0.0 (Windows 10): Executed 330 of 432[32m SUCCESS[39m (0 secs / 1.363 secs)
[1A[2KChrome Headless 149.0.0.0 (Windows 10): Executed 331 of 432[32m SUCCESS[39m (0 secs / 1.363 secs)
[1A[2KChrome Headless 149.0.0.0 (Windows 10): Executed 332 of 432[32m SUCCESS[39m (0 secs / 1.364 secs)
[1A[2KChrome Headless 149.0.0.0 (Windows 10): Executed 333 of 432[32m SUCCESS[39m (0 secs / 1.366 secs)
[1A[2KChrome Headless 149.0.0.0 (Windows 10): Executed 334 of 432[32m SUCCESS[39m (0 secs / 1.399 secs)
[1A[2KChrome Headless 149.0.0.0 (Windows 10): Executed 335 of 432[32m SUCCESS[39m (0 secs / 1.483 secs)
[1A[2KChrome Headless 149.0.0.0 (Windows 10): Executed 336 of 432[32m SUCCESS[39m (0 secs / 1.484 secs)
[1A[2KChrome Headless 149.0.0.0 (Windows 10): Executed 337 of 432[32m SUCCESS[39m (0 secs / 1.486 secs)
[1A[2KChrome Headless 149.0.0.0 (Windows 10): Executed 338 of 432[32m SUCCESS[39m (0 secs / 1.487 secs)
[1A[2KChrome Headless 149.0.0.0 (Windows 10): Executed 339 of 432[32m SUCCESS[39m (0 secs / 1.489 secs)
[1A[2KChrome Headless 149.0.0.0 (Windows 10): Executed 340 of 432[32m SUCCESS[39m (0 secs / 1.526 secs)
[1A[2KChrome Headless 149.0.0.0 (Windows 10): Executed 341 of 432[32m SUCCESS[39m (0 secs / 1.816 secs)
[1A[2KChrome Headless 149.0.0.0 (Windows 10): Executed 342 of 432[32m SUCCESS[39m (0 secs / 2.147 secs)
[1A[2KChrome Headless 149.0.0.0 (Windows 10): Executed 343 of 432[32m SUCCESS[39m (0 secs / 2.148 secs)
[1A[2KChrome Headless 149.0.0.0 (Windows 10): Executed 344 of 432[32m SUCCESS[39m (0 secs / 2.149 secs)
[1A[2KChrome Headless 149.0.0.0 (Windows 10): Executed 345 of 432[32m SUCCESS[39m (0 secs / 2.15 secs)
[1A[2KChrome Headless 149.0.0.0 (Windows 10): Executed 346 of 432[32m SUCCESS[39m (0 secs / 2.151 secs)
[1A[2KChrome Headless 149.0.0.0 (Windows 10): Executed 347 of 432[32m SUCCESS[39m (0 secs / 2.156 secs)
[1A[2KChrome Headless 149.0.0.0 (Windows 10): Executed 348 of 432[32m SUCCESS[39m (0 secs / 2.163 secs)
[1A[2KChrome Headless 149.0.0.0 (Windows 10): Executed 349 of 432[32m SUCCESS[39m (0 secs / 2.171 secs)
[1A[2KChrome Headless 149.0.0.0 (Windows 10): Executed 350 of 432[32m SUCCESS[39m (0 secs / 2.179 secs)
[1A[2KChrome Headless 149.0.0.0 (Windows 10): Executed 351 of 432[32m SUCCESS[39m (0 secs / 2.185 secs)
[1A[2KChrome Headless 149.0.0.0 (Windows 10): Executed 352 of 432[32m SUCCESS[39m (0 secs / 2.19 secs)
[1A[2KChrome Headless 149.0.0.0 (Windows 10): Executed 353 of 432[32m SUCCESS[39m (0 secs / 2.196 secs)
[1A[2KChrome Headless 149.0.0.0 (Windows 10): Executed 354 of 432[32m SUCCESS[39m (0 secs / 2.201 secs)
[1A[2KChrome Headless 149.0.0.0 (Windows 10): Executed 355 of 432[32m SUCCESS[39m (0 secs / 2.208 secs)
[1A[2KChrome Headless 149.0.0.0 (Windows 10): Executed 356 of 432[32m SUCCESS[39m (0 secs / 2.213 secs)
[1A[2KChrome Headless 149.0.0.0 (Windows 10): Executed 357 of 432[32m SUCCESS[39m (0 secs / 2.228 secs)
[1A[2KChrome Headless 149.0.0.0 (Windows 10): Executed 358 of 432[32m SUCCESS[39m (0 secs / 2.234 secs)
[1A[2KChrome Headless 149.0.0.0 (Windows 10): Executed 359 of 432[32m SUCCESS[39m (0 secs / 2.239 secs)
[1A[2KChrome Headless 149.0.0.0 (Windows 10): Executed 360 of 432[32m SUCCESS[39m (0 secs / 2.246 secs)
[1A[2KChrome Headless 149.0.0.0 (Windows 10): Executed 361 of 432[32m SUCCESS[39m (0 secs / 2.254 secs)
[1A[2KChrome Headless 149.0.0.0 (Windows 10): Executed 362 of 432[32m SUCCESS[39m (0 secs / 2.26 secs)
[1A[2KChrome Headless 149.0.0.0 (Windows 10): Executed 363 of 432[32m SUCCESS[39m (0 secs / 2.265 secs)
[1A[2KChrome Headless 149.0.0.0 (Windows 10): Executed 364 of 432[32m SUCCESS[39m (0 secs / 2.292 secs)
[1A[2KChrome Headless 149.0.0.0 (Windows 10): Executed 365 of 432[32m SUCCESS[39m (0 secs / 2.297 secs)
[1A[2KChrome Headless 149.0.0.0 (Windows 10): Executed 366 of 432[32m SUCCESS[39m (0 secs / 2.302 secs)
[1A[2KChrome Headless 149.0.0.0 (Windows 10): Executed 367 of 432[32m SUCCESS[39m (0 secs / 2.307 secs)
[1A[2KChrome Headless 149.0.0.0 (Windows 10): Executed 368 of 432[32m SUCCESS[39m (0 secs / 2.312 secs)
[1A[2KChrome Headless 149.0.0.0 (Windows 10): Executed 369 of 432[32m SUCCESS[39m (0 secs / 2.314 secs)
[1A[2KChrome Headless 149.0.0.0 (Windows 10): Executed 370 of 432[32m SUCCESS[39m (0 secs / 2.317 secs)
[1A[2KChrome Headless 149.0.0.0 (Windows 10): Executed 371 of 432[32m SUCCESS[39m (0 secs / 2.32 secs)
[1A[2KChrome Headless 149.0.0.0 (Windows 10): Executed 372 of 432[32m SUCCESS[39m (0 secs / 2.323 secs)
[1A[2KChrome Headless 149.0.0.0 (Windows 10): Executed 373 of 432[32m SUCCESS[39m (0 secs / 2.325 secs)
[1A[2KChrome Headless 149.0.0.0 (Windows 10): Executed 374 of 432[32m SUCCESS[39m (0 secs / 2.331 secs)
[1A[2KChrome Headless 149.0.0.0 (Windows 10): Executed 375 of 432[32m SUCCESS[39m (0 secs / 2.334 secs)
[1A[2KChrome Headless 149.0.0.0 (Windows 10): Executed 376 of 432[32m SUCCESS[39m (0 secs / 2.341 secs)
[1A[2KChrome Headless 149.0.0.0 (Windows 10): Executed 377 of 432[32m SUCCESS[39m (0 secs / 2.343 secs)
[1A[2KChrome Headless 149.0.0.0 (Windows 10): Executed 378 of 432[32m SUCCESS[39m (0 secs / 2.344 secs)
[1A[2KChrome Headless 149.0.0.0 (Windows 10): Executed 379 of 432[32m SUCCESS[39m (0 secs / 2.345 secs)
[1A[2KChrome Headless 149.0.0.0 (Windows 10): Executed 380 of 432[32m SUCCESS[39m (0 secs / 2.346 secs)
[1A[2KChrome Headless 149.0.0.0 (Windows 10): Executed 381 of 432[32m SUCCESS[39m (0 secs / 2.347 secs)
[1A[2KChrome Headless 149.0.0.0 (Windows 10): Executed 382 of 432[32m SUCCESS[39m (0 secs / 2.348 secs)
[1A[2KChrome Headless 149.0.0.0 (Windows 10): Executed 383 of 432[32m SUCCESS[39m (0 secs / 2.35 secs)
[1A[2KChrome Headless 149.0.0.0 (Windows 10): Executed 384 of 432[32m SUCCESS[39m (0 secs / 2.351 secs)
[1A[2KChrome Headless 149.0.0.0 (Windows 10): Executed 385 of 432[32m SUCCESS[39m (0 secs / 2.352 secs)
[1A[2KChrome Headless 149.0.0.0 (Windows 10): Executed 386 of 432[32m SUCCESS[39m (0 secs / 2.353 secs)
[1A[2KChrome Headless 149.0.0.0 (Windows 10): Executed 387 of 432[32m SUCCESS[39m (0 secs / 2.354 secs)
[1A[2KChrome Headless 149.0.0.0 (Windows 10): Executed 388 of 432[32m SUCCESS[39m (0 secs / 2.355 secs)
[1A[2KChrome Headless 149.0.0.0 (Windows 10): Executed 389 of 432[32m SUCCESS[39m (0 secs / 2.356 secs)
[1A[2KChrome Headless 149.0.0.0 (Windows 10): Executed 390 of 432[32m SUCCESS[39m (0 secs / 2.357 secs)
[1A[2KChrome Headless 149.0.0.0 (Windows 10): Executed 391 of 432[32m SUCCESS[39m (0 secs / 2.357 secs)
[1A[2KChrome Headless 149.0.0.0 (Windows 10): Executed 392 of 432[32m SUCCESS[39m (0 secs / 2.358 secs)
[1A[2KChrome Headless 149.0.0.0 (Windows 10): Executed 393 of 432[32m SUCCESS[39m (0 secs / 2.359 secs)
[1A[2KChrome Headless 149.0.0.0 (Windows 10): Executed 394 of 432[32m SUCCESS[39m (0 secs / 2.36 secs)
[1A[2KChrome Headless 149.0.0.0 (Windows 10): Executed 395 of 432[32m SUCCESS[39m (0 secs / 2.361 secs)
[1A[2KChrome Headless 149.0.0.0 (Windows 10): Executed 396 of 432[32m SUCCESS[39m (0 secs / 2.361 secs)
[1A[2KChrome Headless 149.0.0.0 (Windows 10): Executed 397 of 432[32m SUCCESS[39m (0 secs / 2.362 secs)
[1A[2KChrome Headless 149.0.0.0 (Windows 10): Executed 398 of 432[32m SUCCESS[39m (0 secs / 2.363 secs)
[1A[2KChrome Headless 149.0.0.0 (Windows 10): Executed 399 of 432[32m SUCCESS[39m (0 secs / 2.363 secs)
[1A[2KChrome Headless 149.0.0.0 (Windows 10): Executed 400 of 432[32m SUCCESS[39m (0 secs / 2.364 secs)
[1A[2KChrome Headless 149.0.0.0 (Windows 10): Executed 401 of 432[32m SUCCESS[39m (0 secs / 2.365 secs)
[1A[2KChrome Headless 149.0.0.0 (Windows 10): Executed 402 of 432[32m SUCCESS[39m (0 secs / 2.365 secs)
[1A[2KChrome Headless 149.0.0.0 (Windows 10): Executed 403 of 432[32m SUCCESS[39m (0 secs / 2.366 secs)
[1A[2KChrome Headless 149.0.0.0 (Windows 10): Executed 404 of 432[32m SUCCESS[39m (0 secs / 2.366 secs)
[1A[2KChrome Headless 149.0.0.0 (Windows 10): Executed 405 of 432[32m SUCCESS[39m (0 secs / 2.367 secs)
[1A[2KChrome Headless 149.0.0.0 (Windows 10): Executed 406 of 432[32m SUCCESS[39m (0 secs / 2.368 secs)
[1A[2KChrome Headless 149.0.0.0 (Windows 10): Executed 407 of 432[32m SUCCESS[39m (0 secs / 2.369 secs)
[1A[2KChrome Headless 149.0.0.0 (Windows 10): Executed 408 of 432[32m SUCCESS[39m (0 secs / 2.37 secs)
[1A[2KChrome Headless 149.0.0.0 (Windows 10): Executed 409 of 432[32m SUCCESS[39m (0 secs / 2.37 secs)
[1A[2KChrome Headless 149.0.0.0 (Windows 10): Executed 410 of 432[32m SUCCESS[39m (0 secs / 2.371 secs)
[1A[2KChrome Headless 149.0.0.0 (Windows 10): Executed 411 of 432[32m SUCCESS[39m (0 secs / 2.372 secs)
[1A[2KChrome Headless 149.0.0.0 (Windows 10): Executed 412 of 432[32m SUCCESS[39m (0 secs / 2.373 secs)
[1A[2KChrome Headless 149.0.0.0 (Windows 10): Executed 413 of 432[32m SUCCESS[39m (0 secs / 2.374 secs)
[1A[2KChrome Headless 149.0.0.0 (Windows 10): Executed 414 of 432[32m SUCCESS[39m (0 secs / 2.375 secs)
[1A[2KChrome Headless 149.0.0.0 (Windows 10): Executed 415 of 432[32m SUCCESS[39m (0 secs / 2.376 secs)
[1A[2KChrome Headless 149.0.0.0 (Windows 10): Executed 416 of 432[32m SUCCESS[39m (0 secs / 2.376 secs)
[1A[2KChrome Headless 149.0.0.0 (Windows 10): Executed 417 of 432[32m SUCCESS[39m (0 secs / 2.377 secs)
[1A[2KChrome Headless 149.0.0.0 (Windows 10): Executed 418 of 432[32m SUCCESS[39m (0 secs / 2.378 secs)
[1A[2KChrome Headless 149.0.0.0 (Windows 10): Executed 419 of 432[32m SUCCESS[39m (0 secs / 2.379 secs)
[1A[2KChrome Headless 149.0.0.0 (Windows 10): Executed 420 of 432[32m SUCCESS[39m (0 secs / 2.38 secs)
[1A[2KChrome Headless 149.0.0.0 (Windows 10): Executed 421 of 432[32m SUCCESS[39m (0 secs / 2.381 secs)
[1A[2KChrome Headless 149.0.0.0 (Windows 10): Executed 422 of 432[32m SUCCESS[39m (0 secs / 2.382 secs)
[1A[2KChrome Headless 149.0.0.0 (Windows 10): Executed 423 of 432[32m SUCCESS[39m (0 secs / 2.383 secs)
[1A[2KChrome Headless 149.0.0.0 (Windows 10): Executed 424 of 432[32m SUCCESS[39m (0 secs / 2.383 secs)
[1A[2KChrome Headless 149.0.0.0 (Windows 10): Executed 425 of 432[32m SUCCESS[39m (0 secs / 2.384 secs)
[1A[2KChrome Headless 149.0.0.0 (Windows 10): Executed 426 of 432[32m SUCCESS[39m (0 secs / 2.384 secs)
[1A[2KChrome Headless 149.0.0.0 (Windows 10): Executed 427 of 432[32m SUCCESS[39m (0 secs / 2.384 secs)
[1A[2KChrome Headless 149.0.0.0 (Windows 10): Executed 428 of 432[32m SUCCESS[39m (0 secs / 2.384 secs)
[1A[2KChrome Headless 149.0.0.0 (Windows 10): Executed 429 of 432[32m SUCCESS[39m (0 secs / 2.385 secs)
[1A[2KChrome Headless 149.0.0.0 (Windows 10): Executed 430 of 432[32m SUCCESS[39m (0 secs / 2.386 secs)
[1A[2KChrome Headless 149.0.0.0 (Windows 10): Executed 431 of 432[32m SUCCESS[39m (0 secs / 2.386 secs)
[1A[2KChrome Headless 149.0.0.0 (Windows 10): Executed 432 of 432[32m SUCCESS[39m (0 secs / 2.386 secs)
[1A[2KChrome Headless 149.0.0.0 (Windows 10): Executed 432 of 432[32m SUCCESS[39m (2.675 secs / 2.386 secs)
[32mTOTAL: 432 SUCCESS[39m
ÔłÜ Browser application bundle generation complete.
